OpenJDK 64-Bit Server VM (25.242-b08) for windows-amd64 JRE (1.8.0_242-b08), built on Jan 19 2020 14:45:52 by "jenkins" with MS VC++ 12.0 (VS2013)
Memory: 4k page, physical 33496904k(24177240k free), swap 38477640k(27652496k free)
CommandLine flags: -XX:InitialHeapSize=536870912 -XX:MaxHeapSize=536870912 -XX:+PrintGC -XX:+PrintGCDateStamps -XX:+PrintGCDetails -XX:+PrintGCTimeStamps -XX:+UseCompressedClassPointers -XX:+UseCompressedOops -XX:-UseLargePagesIndividualAllocation -XX:+UseSerialGC 
2020-10-26T23:07:50.488+0800: 0.103: [GC (Allocation Failure) 2020-10-26T23:07:50.488+0800: 0.103: [DefNew: 139776K->17472K(157248K), 0.0163145 secs] 139776K->52557K(506816K), 0.0167381 secs] [Times: user=0.00 sys=0.02, real=0.02 secs] 
2020-10-26T23:07:50.520+0800: 0.135: [GC (Allocation Failure) 2020-10-26T23:07:50.520+0800: 0.135: [DefNew: 157195K->17471K(157248K), 0.0180986 secs] 192280K->96733K(506816K), 0.0181457 secs] [Times: user=0.00 sys=0.01, real=0.02 secs] 
2020-10-26T23:07:50.551+0800: 0.165: [GC (Allocation Failure) 2020-10-26T23:07:50.551+0800: 0.165: [DefNew: 157247K->17470K(157248K), 0.0151921 secs] 236509K->142434K(506816K), 0.0152423 secs] [Times: user=0.00 sys=0.02, real=0.01 secs] 
2020-10-26T23:07:50.580+0800: 0.194: [GC (Allocation Failure) 2020-10-26T23:07:50.580+0800: 0.194: [DefNew: 157246K->17470K(157248K), 0.0146451 secs] 282210K->185831K(506816K), 0.0146960 secs] [Times: user=0.00 sys=0.01, real=0.01 secs] 
2020-10-26T23:07:50.609+0800: 0.224: [GC (Allocation Failure) 2020-10-26T23:07:50.609+0800: 0.224: [DefNew: 157235K->17472K(157248K), 0.0142621 secs] 325596K->228206K(506816K), 0.0143120 secs] [Times: user=0.00 sys=0.02, real=0.02 secs] 
2020-10-26T23:07:50.638+0800: 0.252: [GC (Allocation Failure) 2020-10-26T23:07:50.638+0800: 0.252: [DefNew: 156903K->17471K(157248K), 0.0167247 secs] 367637K->279536K(506816K), 0.0167753 secs] [Times: user=0.00 sys=0.02, real=0.02 secs] 
2020-10-26T23:07:50.668+0800: 0.283: [GC (Allocation Failure) 2020-10-26T23:07:50.668+0800: 0.283: [DefNew: 157247K->17470K(157248K), 0.0136450 secs] 419312K->319964K(506816K), 0.0136930 secs] [Times: user=0.00 sys=0.02, real=0.01 secs] 
2020-10-26T23:07:50.693+0800: 0.308: [GC (Allocation Failure) 2020-10-26T23:07:50.693+0800: 0.308: [DefNew: 157246K->157246K(157248K), 0.0000108 secs]2020-10-26T23:07:50.693+0800: 0.308: [Tenured: 302493K->262686K(349568K), 0.0261518 secs] 459740K->262686K(506816K), [Metaspace: 2820K->2820K(1056768K)], 0.0262243 secs] [Times: user=0.03 sys=0.00, real=0.03 secs] 
2020-10-26T23:07:50.732+0800: 0.347: [GC (Allocation Failure) 2020-10-26T23:07:50.732+0800: 0.347: [DefNew: 139564K->17466K(157248K), 0.0052474 secs] 402250K->308221K(506816K), 0.0053010 secs] [Times: user=0.00 sys=0.00, real=0.01 secs] 
2020-10-26T23:07:50.750+0800: 0.365: [GC (Allocation Failure) 2020-10-26T23:07:50.750+0800: 0.365: [DefNew: 157168K->17471K(157248K), 0.0135645 secs] 447923K->355333K(506816K), 0.0136132 secs] [Times: user=0.02 sys=0.00, real=0.01 secs] 
2020-10-26T23:07:50.777+0800: 0.392: [GC (Allocation Failure) 2020-10-26T23:07:50.777+0800: 0.392: [DefNew: 157247K->157247K(157248K), 0.0000111 secs]2020-10-26T23:07:50.777+0800: 0.392: [Tenured: 337861K->304354K(349568K), 0.0307162 secs] 495109K->304354K(506816K), [Metaspace: 2820K->2820K(1056768K)], 0.0307856 secs] [Times: user=0.03 sys=0.00, real=0.03 secs] 
2020-10-26T23:07:50.820+0800: 0.435: [GC (Allocation Failure) 2020-10-26T23:07:50.820+0800: 0.435: [DefNew: 139776K->139776K(157248K), 0.0000110 secs]2020-10-26T23:07:50.820+0800: 0.435: [Tenured: 304354K->311341K(349568K), 0.0319536 secs] 444130K->311341K(506816K), [Metaspace: 2820K->2820K(1056768K)], 0.0320211 secs] [Times: user=0.03 sys=0.00, real=0.03 secs] 
2020-10-26T23:07:50.865+0800: 0.480: [GC (Allocation Failure) 2020-10-26T23:07:50.865+0800: 0.480: [DefNew: 139776K->139776K(157248K), 0.0000103 secs]2020-10-26T23:07:50.865+0800: 0.480: [Tenured: 311341K->306453K(349568K), 0.0334020 secs] 451117K->306453K(506816K), [Metaspace: 2820K->2820K(1056768K)], 0.0334703 secs] [Times: user=0.03 sys=0.00, real=0.03 secs] 
2020-10-26T23:07:50.912+0800: 0.527: [GC (Allocation Failure) 2020-10-26T23:07:50.912+0800: 0.527: [DefNew: 139776K->17471K(157248K), 0.0049458 secs] 446229K->351178K(506816K), 0.0049914 secs] [Times: user=0.00 sys=0.00, real=0.01 secs] 
2020-10-26T23:07:50.930+0800: 0.545: [GC (Allocation Failure) 2020-10-26T23:07:50.930+0800: 0.545: [DefNew: 157247K->157247K(157248K), 0.0000103 secs]2020-10-26T23:07:50.930+0800: 0.545: [Tenured: 333707K->339730K(349568K), 0.0289425 secs] 490954K->339730K(506816K), [Metaspace: 2820K->2820K(1056768K)], 0.0290114 secs] [Times: user=0.03 sys=0.00, real=0.03 secs] 
2020-10-26T23:07:50.971+0800: 0.586: [GC (Allocation Failure) 2020-10-26T23:07:50.971+0800: 0.586: [DefNew: 139776K->139776K(157248K), 0.0000107 secs]2020-10-26T23:07:50.971+0800: 0.586: [Tenured: 339730K->349510K(349568K), 0.0342299 secs] 479506K->350972K(506816K), [Metaspace: 2820K->2820K(1056768K)], 0.0342962 secs] [Times: user=0.03 sys=0.00, real=0.03 secs] 
2020-10-26T23:07:51.019+0800: 0.634: [Full GC (Allocation Failure) 2020-10-26T23:07:51.019+0800: 0.634: [Tenured: 349510K->349434K(349568K), 0.0349798 secs] 506635K->360160K(506816K), [Metaspace: 2820K->2820K(1056768K)], 0.0350344 secs] [Times: user=0.03 sys=0.00, real=0.03 secs] 
2020-10-26T23:07:51.068+0800: 0.683: [Full GC (Allocation Failure) 2020-10-26T23:07:51.068+0800: 0.683: [Tenured: 349434K->348928K(349568K), 0.0375170 secs] 506515K->348928K(506816K), [Metaspace: 2820K->2820K(1056768K)], 0.0375697 secs] [Times: user=0.03 sys=0.00, real=0.04 secs] 
2020-10-26T23:07:51.119+0800: 0.734: [GC (Allocation Failure) 2020-10-26T23:07:51.119+0800: 0.734: [DefNew: 139729K->139729K(157248K), 0.0000110 secs]2020-10-26T23:07:51.119+0800: 0.734: [Tenured: 348928K->349116K(349568K), 0.0274772 secs] 488657K->361347K(506816K), [Metaspace: 2820K->2820K(1056768K)], 0.0275394 secs] [Times: user=0.03 sys=0.00, real=0.03 secs] 
2020-10-26T23:07:51.158+0800: 0.773: [Full GC (Allocation Failure) 2020-10-26T23:07:51.158+0800: 0.773: [Tenured: 349116K->349105K(349568K), 0.0330082 secs] 506187K->369579K(506816K), [Metaspace: 2820K->2820K(1056768K)], 0.0330598 secs] [Times: user=0.03 sys=0.00, real=0.03 secs] 
2020-10-26T23:07:51.203+0800: 0.818: [Full GC (Allocation Failure) 2020-10-26T23:07:51.203+0800: 0.818: [Tenured: 349300K->349565K(349568K), 0.0357180 secs] 506459K->374657K(506816K), [Metaspace: 2820K->2820K(1056768K)], 0.0357736 secs] [Times: user=0.03 sys=0.00, real=0.04 secs] 
2020-10-26T23:07:51.251+0800: 0.866: [Full GC (Allocation Failure) 2020-10-26T23:07:51.252+0800: 0.866: [Tenured: 349565K->349420K(349568K), 0.0386139 secs] 506676K->361072K(506816K), [Metaspace: 2820K->2820K(1056768K)], 0.0386712 secs] [Times: user=0.03 sys=0.00, real=0.04 secs] 
2020-10-26T23:07:51.305+0800: 0.920: [Full GC (Allocation Failure) 2020-10-26T23:07:51.305+0800: 0.920: [Tenured: 349564K->349482K(349568K), 0.0259646 secs] 506670K->373421K(506816K), [Metaspace: 2820K->2820K(1056768K)], 0.0260181 secs] [Times: user=0.03 sys=0.00, real=0.03 secs] 
2020-10-26T23:07:51.344+0800: 0.959: [Full GC (Allocation Failure) 2020-10-26T23:07:51.344+0800: 0.959: [Tenured: 349482K->349527K(349568K), 0.0337491 secs] 506003K->375570K(506816K), [Metaspace: 2820K->2820K(1056768K)], 0.0338349 secs] [Times: user=0.03 sys=0.00, real=0.03 secs] 
2020-10-26T23:07:51.389+0800: 1.003: [Full GC (Allocation Failure) 2020-10-26T23:07:51.389+0800: 1.004: [Tenured: 349527K->349530K(349568K), 0.0368614 secs] 506397K->385907K(506816K), [Metaspace: 2820K->2820K(1056768K)], 0.0369235 secs] [Times: user=0.03 sys=0.00, real=0.04 secs] 
2020-10-26T23:07:51.436+0800: 1.051: [Full GC (Allocation Failure) 2020-10-26T23:07:51.436+0800: 1.051: [Tenured: 349530K->349542K(349568K), 0.0409276 secs] 506694K->371209K(506816K), [Metaspace: 2820K->2820K(1056768K)], 0.0409807 secs] [Times: user=0.03 sys=0.00, real=0.04 secs] 
Heap
 def new generation   total 157248K, used 27136K [0x00000000e0000000, 0x00000000eaaa0000, 0x00000000eaaa0000)
  eden space 139776K,  19% used [0x00000000e0000000, 0x00000000e1a80068, 0x00000000e8880000)
  from space 17472K,   0% used [0x00000000e8880000, 0x00000000e8880000, 0x00000000e9990000)
  to   space 17472K,   0% used [0x00000000e9990000, 0x00000000e9990000, 0x00000000eaaa0000)
 tenured generation   total 349568K, used 349542K [0x00000000eaaa0000, 0x0000000100000000, 0x0000000100000000)
   the space 349568K,  99% used [0x00000000eaaa0000, 0x00000000ffff9b20, 0x00000000ffff9c00, 0x0000000100000000)
 Metaspace       used 2826K, capacity 4486K, committed 4864K, reserved 1056768K
  class space    used 291K, capacity 386K, committed 512K, reserved 1048576K
